

HI-TECH Software 8051 Macro Assembler V9.60                                Page 1
                                                       Wed Jul 28 21:01:36 2021

     1                           	psect	idata,class=DATA,space=1,limit=080h
     2                           	psect	irdata,class=DATA,limit=080h
     3                           	global	_delay
     4                           	signat	_delay,88
     5                           	global	stack_internal
     6                           	psect	text,class=CODE
     7                           	psect	text
     8                           	file	"D:\Git\啊硬件\电路文件\MCU51\MCU51Debug\m
                                 ain.c"
     9                           	line	3
    10  00003                     _delay:
    11  00003  80 35              	j	f1411
    12  00005                     f1410:
    13                           ;main.c: 3: void delay(){
    14                           
    15                           ;	var   _i assigned to ?a_delay+0
    16                           ;main.c: 4: int i = 0;
    17                           
    18                           	line	4
    19  00005  E4                 	clr	a
    20  00006  F5 20              	mov	?a_delay+0,a
    21  00008  F5 21              	mov	?a_delay+0+1,a
    22                           ;main.c: 5: for(i=0;i<20;i++);
    23                           
    24                           	line	5
    25  0000A  E4                 	clr	a
    26  0000B  F5 20              	mov	?a_delay+0,a
    27  0000D  F5 21              	mov	?a_delay+0+1,a
    28  0000F  E5 21              	mov	a,?a_delay+0+1
    29  00011  24 EC              	add	a,#low -(20)
    30  00013  E5 20              	mov	a,?a_delay+0
    31  00015  64 80              	xrl	a,#80h
    32  00017  34 7F              	addc	a,#(high -(20))xor 80h
    33  00019  50 02              	bnc	u11
    34  0001B  80 02              	jmp	u10
    35  0001D                     u11:
    36  0001D  80 02              	jmp	l3
    37  0001F                     u10:
    38  0001F  80 18              	jmp	l4
    39  00021                     l3:
    40  00021  05 21              	inc	?a_delay+0+1
    41  00023  E5 21              	mov	a,?a_delay+0+1
    42  00025  70 02              	jnz	u20
    43  00027  05 20              	inc	?a_delay+0
    44  00029                     u20:
    45  00029  E5 21              	mov	a,?a_delay+0+1
    46  0002B  24 EC              	add	a,#low -(20)
    47  0002D  E5 20              	mov	a,?a_delay+0
    48  0002F  64 80              	xrl	a,#80h
    49  00031  34 7F              	addc	a,#(high -(20))xor 80h
    50  00033  50 02              	bnc	u31
    51  00035  80 02              	jmp	u30
    52  00037                     u31:
    53  00037  80 E8              	jmp	l3
    54  00039                     u30:
    55  00039                     l4:
    56                           ;main.c: 6: }
    57                           
    58                           	line	6
    59  00039                     l2:
    60  00039  22                 	ret
    61  0003A                     f1411:
    62  0003A  80 C9              	j	f1410
    63                           	FNSIZE	_delay,2,0
    64                           	global	?a_delay
    65  0000                     f1412	equ	0
    66                           	global	_main
    67                           	signat	_main,88
    68                           	line	9
    69  0003C                     _main:
    70  0003C  80 0F              	j	f1421
    71  0003E                     f1420:
    72                           ;main.c: 8: void main()
    73                           
    74                           ;main.c: 9: {
    75                           
    76                           ;main.c: 11: while (1){
    77                           
    78                           	line	11
    79  0003E                     l8:
    80                           ;main.c: 12: P2 = 0x00;
    81                           
    82                           	line	12
    83  0003E  75 A0 00           	mov	0A0h,#0
    84                           ;main.c: 13: delay();
    85                           
    86                           	FNCALL	_main,_delay
    87                           	line	13
    88  00041  12 0003            	lcall	_delay
    89                           ;main.c: 14: P2 = 0XFF;
    90                           
    91                           	line	14
    92  00044  75 A0 FF           	mov	0A0h,#255
    93                           ;main.c: 15: delay();
    94                           
    95                           	line	15
    96  00047  12 0003            	lcall	_delay
    97                           	line	16
    98  0004A                     l7:
    99                           	line	11
   100  0004A  80 F2              	jmp	l8
   101  0004C                     l9:
   102                           ;main.c: 16: }
   103                           
   104                           ;main.c: 17: }
   105                           
   106                           	line	17
   107  0004C                     l6:
   108  0004C  22                 	ret
   109  0004D                     f1421:
   110  0004D  80 EF              	j	f1420
   111  0000                     f1422	equ	0
   112  0000                     _A10	equ	162
   113  0000                     _A11	equ	163
   114  0000                     _A12	equ	164
   115  0000                     _A13	equ	165
   116  0000                     _A14	equ	166
   117  0000                     _A15	equ	167
   118  0000                     _A8	equ	160
   119  0000                     _A9	equ	161
   120  0000                     _AC	equ	214
   121  0000                     _ACC0	equ	224
   122  0000                     _ACC1	equ	225
   123  0000                     _ACC2	equ	226
   124  0000                     _ACC3	equ	227
   125  0000                     _ACC4	equ	228
   126  0000                     _ACC5	equ	229
   127  0000                     _ACC6	equ	230
   128  0000                     _ACC7	equ	231
   129  0000                     _AD0	equ	128
   130  0000                     _AD1	equ	129
   131  0000                     _AD2	equ	130
   132  0000                     _AD3	equ	131
   133  0000                     _AD4	equ	132
   134  0000                     _AD5	equ	133
   135  0000                     _AD6	equ	134
   136  0000                     _AD7	equ	135
   137  0000                     _B0	equ	240
   138  0000                     _B1	equ	241
   139  0000                     _B2	equ	242
   140  0000                     _B3	equ	243
   141  0000                     _B4	equ	244
   142  0000                     _B5	equ	245
   143  0000                     _B6	equ	246
   144  0000                     _B7	equ	247
   145  0000                     _CY	equ	215
   146  0000                     _EA	equ	175
   147  0000                     _ES	equ	172
   148  0000                     _ET0	equ	169
   149  0000                     _ET1	equ	171
   150  0000                     _EX0	equ	168
   151  0000                     _EX1	equ	170
   152  0000                     _F0	equ	213
   153  0000                     _IE0	equ	137
   154  0000                     _IE1	equ	139
   155  0000                     _INT0	equ	178
   156  0000                     _INT1	equ	179
   157  0000                     _IT0	equ	136
   158  0000                     _IT1	equ	138
   159  0000                     _OV	equ	210
   160  0000                     _P	equ	208
   161  0000                     _P00	equ	128
   162  0000                     _P01	equ	129
   163  0000                     _P02	equ	130
   164  0000                     _P03	equ	131
   165  0000                     _P04	equ	132
   166  0000                     _P05	equ	133
   167  0000                     _P06	equ	134
   168  0000                     _P07	equ	135
   169  0000                     _P10	equ	144
   170  0000                     _P11	equ	145
   171  0000                     _P12	equ	146
   172  0000                     _P13	equ	147
   173  0000                     _P14	equ	148
   174  0000                     _P15	equ	149
   175  0000                     _P16	equ	150
   176  0000                     _P17	equ	151
   177  0000                     _P20	equ	160
   178  0000                     _P21	equ	161
   179  0000                     _P22	equ	162
   180  0000                     _P23	equ	163
   181  0000                     _P24	equ	164
   182  0000                     _P25	equ	165
   183  0000                     _P26	equ	166
   184  0000                     _P27	equ	167
   185  0000                     _P30	equ	176
   186  0000                     _P31	equ	177
   187  0000                     _P32	equ	178
   188  0000                     _P33	equ	179
   189  0000                     _P34	equ	180
   190  0000                     _P35	equ	181
   191  0000                     _P36	equ	182
   192  0000                     _P37	equ	183
   193  0000                     _PS	equ	188
   194  0000                     _PT0	equ	185
   195  0000                     _PT1	equ	187
   196  0000                     _PX0	equ	184
   197  0000                     _PX1	equ	186
   198  0000                     _RB8	equ	154
   199  0000                     _RD	equ	183
   200  0000                     _REN	equ	156
   201  0000                     _RI	equ	152
   202  0000                     _RS0	equ	211
   203  0000                     _RS1	equ	212
   204  0000                     _RXD	equ	176
   205  0000                     _SM0	equ	159
   206  0000                     _SM1	equ	158
   207  0000                     _SM2	equ	157
   208  0000                     _T0	equ	180
   209  0000                     _T1	equ	181
   210  0000                     _TB8	equ	155
   211  0000                     _TF0	equ	141
   212  0000                     _TF1	equ	143
   213  0000                     _TI	equ	153
   214  0000                     _TR0	equ	140
   215  0000                     _TR1	equ	142
   216  0000                     _TXD	equ	177
   217  0000                     _WR	equ	182
   218  0000                     _ACC	equ	224
   219  0000                     _B	equ	240
   220  0000                     _DPH	equ	131
   221  0000                     _DPL	equ	130
   222  0000                     _IE	equ	168
   223  0000                     _IP	equ	184
   224  0000                     _P0	equ	128
   225  0000                     _P1	equ	144
   226  0000                     _P2	equ	160
   227  0000                     _P3	equ	176
   228  0000                     _PCON	equ	135
   229  0000                     _PSW	equ	208
   230  0000                     _SBUF	equ	153
   231  0000                     _SCON	equ	152
   232  0000                     _SP	equ	129
   233  0000                     _TCON	equ	136
   234  0000                     _TH0	equ	140
   235  0000                     _TH1	equ	141
   236  0000                     _TL0	equ	138
   237  0000                     _TL1	equ	139
   238  0000                     _TMOD	equ	137
   239  0000                     _ACC_BITS	equ	224
   240  0000                     _B_BITS	equ	240
   241  0000                     _IE_BITS	equ	168
   242  0000                     _IP_BITS	equ	184
   243  0000                     _P0_BITS	equ	128
   244  0000                     _P1_BITS	equ	144
   245  0000                     _P2_BITS	equ	160
   246  0000                     _P3_BITS	equ	176
   247  0000                     _PCON_BITS	equ	135
   248  0000                     _PSW_BITS	equ	208
   249  0000                     _SCON_BITS	equ	152
   250  0000                     _TCON_BITS	equ	136
   251  0000                     _TMOD_BITS	equ	137


HI-TECH Software 8051 Macro Assembler V9.60                                Page 2
Symbol Table                                           Wed Jul 28 21:01:36 2021

            _B 000F0              l2 00039              l3 00021  
            l4 00039              _P 000D0              l6 0004C  
            l7 0004A              l8 0003E              l9 0004C  
      ?a_delay 00020             _B0 000F0             _B1 000F1  
           _B2 000F2             _B3 000F3             _B4 000F4  
           _B5 000F5             _B6 000F6             _A8 000A0  
           _B7 000F7             _A9 000A1             _F0 000D5  
           _AC 000D6             _EA 000AF             _P0 00080  
           _P1 00090             _P2 000A0             _P3 000B0  
           _IE 000A8             _T0 000B4             _T1 000B5  
           _ES 000AC             _CY 000D7             _IP 000B8  
           _RD 000B7             u10 0001F             u11 0001D  
           u20 00029             _RI 00098             u30 00039  
           u31 00037             _TI 00099             _PS 000BC  
           _OV 000D2             _SP 00081             _WR 000B6  
       _B_BITS 000F0            _A10 000A2            _A11 000A3  
          _A12 000A4            _A13 000A5            _A14 000A6  
          _A15 000A7            _AD0 00080            _AD1 00081  
          _AD2 00082            _AD3 00083            _AD4 00084  
          _AD5 00085            _AD6 00086            _AD7 00087  
          _ACC 000E0            _P00 00080            _P01 00081  
          _P10 00090            _P02 00082            _P11 00091  
          _P03 00083            _P20 000A0            _P12 00092  
          _P04 00084            _P21 000A1            _P13 00093  
          _P05 00085            _P30 000B0            _P22 000A2  
          _P14 00094            _P06 00086            _P31 000B1  
          _P23 000A3            _P15 00095            _P07 00087  
          _P32 000B2            _P24 000A4            _P16 00096  
          _P33 000B3            _P25 000A5            _P17 00097  
          _P34 000B4            _P26 000A6            _P35 000B5  
          _P27 000A7            _P36 000B6            _P37 000B7  
          _IE0 00089            _IE1 0008B            _ET0 000A9  
          _ET1 000AB            _EX0 000A8            _EX1 000AA  
          _DPH 00083            _DPL 00082            _IT0 00088  
          _IT1 0008A            _RB8 0009A            _TF0 0008D  
          _TB8 0009B            _TF1 0008F            _TH0 0008C  
          _TH1 0008D            _SM0 0009F            _SM1 0009E  
          _TL0 0008A            _SM2 0009D            _PT0 000B9  
          _TL1 0008B            _PT1 000BB            _RS0 000D3  
          _RS1 000D4            _REN 0009C            _PX0 000B8  
          _PX1 000BA            _TR0 0008C            _TR1 0008E  
          _RXD 000B0            _PSW 000D0            _TXD 000B1  
      _P0_BITS 00080        _P1_BITS 00090        _P2_BITS 000A0  
      _P3_BITS 000B0        _IE_BITS 000A8       _ACC_BITS 000E0  
      _IP_BITS 000B8           f1410 00005           f1411 0003A  
         f1420 0003E           f1412 00000           f1421 0004D  
         f1422 00000           _ACC0 000E0           _ACC1 000E1  
         _ACC2 000E2           _ACC3 000E3           _ACC4 000E4  
         _ACC5 000E5           _ACC6 000E6           _ACC7 000E7  
stack_internal 00001           _INT0 000B2           _INT1 000B3  
         _PCON 00087           _SCON 00098           _SBUF 00099  
         _TCON 00088           _TMOD 00089           _main 0003C  
     _PSW_BITS 000D0          _delay 00003      _PCON_BITS 00087  
    _SCON_BITS 00098      _TCON_BITS 00088      _TMOD_BITS 00089  
